Archive member included to satisfy reference by file (symbol)

c:/gnutoolsarmembedded/7-2017-q4-major/bin/../lib/gcc/arm-none-eabi/7.2.1/../../../../arm-none-eabi/lib/thumb/v7e-m/fpv4-sp/hard\libc_nano.a(lib_a-exit.o)
                              c:/gnutoolsarmembedded/7-2017-q4-major/bin/../lib/gcc/arm-none-eabi/7.2.1/../../../../arm-none-eabi/lib/thumb/v7e-m/fpv4-sp/hard/crt0.o (exit)
c:/gnutoolsarmembedded/7-2017-q4-major/bin/../lib/gcc/arm-none-eabi/7.2.1/../../../../arm-none-eabi/lib/thumb/v7e-m/fpv4-sp/hard\libc_nano.a(lib_a-impure.o)
                              c:/gnutoolsarmembedded/7-2017-q4-major/bin/../lib/gcc/arm-none-eabi/7.2.1/../../../../arm-none-eabi/lib/thumb/v7e-m/fpv4-sp/hard\libc_nano.a(lib_a-exit.o) (_global_impure_ptr)
c:/gnutoolsarmembedded/7-2017-q4-major/bin/../lib/gcc/arm-none-eabi/7.2.1/../../../../arm-none-eabi/lib/thumb/v7e-m/fpv4-sp/hard\libc_nano.a(lib_a-init.o)
                              c:/gnutoolsarmembedded/7-2017-q4-major/bin/../lib/gcc/arm-none-eabi/7.2.1/../../../../arm-none-eabi/lib/thumb/v7e-m/fpv4-sp/hard/crt0.o (__libc_init_array)
c:/gnutoolsarmembedded/7-2017-q4-major/bin/../lib/gcc/arm-none-eabi/7.2.1/../../../../arm-none-eabi/lib/thumb/v7e-m/fpv4-sp/hard\libc_nano.a(lib_a-memset.o)
                              c:/gnutoolsarmembedded/7-2017-q4-major/bin/../lib/gcc/arm-none-eabi/7.2.1/../../../../arm-none-eabi/lib/thumb/v7e-m/fpv4-sp/hard/crt0.o (memset)
c:/gnutoolsarmembedded/7-2017-q4-major/bin/../lib/gcc/arm-none-eabi/7.2.1/../../../../arm-none-eabi/lib/thumb/v7e-m/fpv4-sp/hard\libnosys.a(_exit.o)
                              c:/gnutoolsarmembedded/7-2017-q4-major/bin/../lib/gcc/arm-none-eabi/7.2.1/../../../../arm-none-eabi/lib/thumb/v7e-m/fpv4-sp/hard\libc_nano.a(lib_a-exit.o) (_exit)
c:/gnutoolsarmembedded/7-2017-q4-major/bin/../lib/gcc/arm-none-eabi/7.2.1/thumb/v7e-m/fpv4-sp/hard\libgcc.a(_aeabi_uldivmod.o)
                              build/stm32f4xx_hal_uart.o (__aeabi_uldivmod)
c:/gnutoolsarmembedded/7-2017-q4-major/bin/../lib/gcc/arm-none-eabi/7.2.1/thumb/v7e-m/fpv4-sp/hard\libgcc.a(_udivmoddi4.o)
                              c:/gnutoolsarmembedded/7-2017-q4-major/bin/../lib/gcc/arm-none-eabi/7.2.1/thumb/v7e-m/fpv4-sp/hard\libgcc.a(_aeabi_uldivmod.o) (__udivmoddi4)
c:/gnutoolsarmembedded/7-2017-q4-major/bin/../lib/gcc/arm-none-eabi/7.2.1/thumb/v7e-m/fpv4-sp/hard\libgcc.a(_dvmd_tls.o)
                              c:/gnutoolsarmembedded/7-2017-q4-major/bin/../lib/gcc/arm-none-eabi/7.2.1/thumb/v7e-m/fpv4-sp/hard\libgcc.a(_aeabi_uldivmod.o) (__aeabi_ldiv0)

Allocating common symbols
Common symbol       size              file

huart7              0x40              build/main.o
hpcd_USB_OTG_FS     0x408             build/main.o
uwTick              0x4               build/stm32f4xx_hal.o
pFlash              0x20              build/stm32f4xx_hal_flash.o
hspi1               0x58              build/main.o
hdma_spi1_rx        0x60              build/main.o

Discarded input sections

 .text          0x00000000        0x0 c:/gnutoolsarmembedded/7-2017-q4-major/bin/../lib/gcc/arm-none-eabi/7.2.1/thumb/v7e-m/fpv4-sp/hard/crti.o
 .data          0x00000000        0x0 c:/gnutoolsarmembedded/7-2017-q4-major/bin/../lib/gcc/arm-none-eabi/7.2.1/thumb/v7e-m/fpv4-sp/hard/crti.o
 .bss           0x00000000        0x0 c:/gnutoolsarmembedded/7-2017-q4-major/bin/../lib/gcc/arm-none-eabi/7.2.1/thumb/v7e-m/fpv4-sp/hard/crti.o
 .data          0x00000000        0x4 c:/gnutoolsarmembedded/7-2017-q4-major/bin/../lib/gcc/arm-none-eabi/7.2.1/thumb/v7e-m/fpv4-sp/hard/crtbegin.o
 .text          0x00000000       0x74 c:/gnutoolsarmembedded/7-2017-q4-major/bin/../lib/gcc/arm-none-eabi/7.2.1/../../../../arm-none-eabi/lib/thumb/v7e-m/fpv4-sp/hard/crt0.o
 .data          0x00000000        0x0 c:/gnutoolsarmembedded/7-2017-q4-major/bin/../lib/gcc/arm-none-eabi/7.2.1/../../../../arm-none-eabi/lib/thumb/v7e-m/fpv4-sp/hard/crt0.o
 .bss           0x00000000        0x0 c:/gnutoolsarmembedded/7-2017-q4-major/bin/../lib/gcc/arm-none-eabi/7.2.1/../../../../arm-none-eabi/lib/thumb/v7e-m/fpv4-sp/hard/crt0.o
 .ARM.extab     0x00000000        0x0 c:/gnutoolsarmembedded/7-2017-q4-major/bin/../lib/gcc/arm-none-eabi/7.2.1/../../../../arm-none-eabi/lib/thumb/v7e-m/fpv4-sp/hard/crt0.o
 .ARM.exidx     0x00000000        0x8 c:/gnutoolsarmembedded/7-2017-q4-major/bin/../lib/gcc/arm-none-eabi/7.2.1/../../../../arm-none-eabi/lib/thumb/v7e-m/fpv4-sp/hard/crt0.o
 .ARM.attributes
                0x00000000       0x20 c:/gnutoolsarmembedded/7-2017-q4-major/bin/../lib/gcc/arm-none-eabi/7.2.1/../../../../arm-none-eabi/lib/thumb/v7e-m/fpv4-sp/hard/crt0.o
 .text          0x00000000        0x0 build/main.o
 .data          0x00000000        0x0 build/main.o
 .bss           0x00000000        0x0 build/main.o
 .text          0x00000000        0x0 build/stm32f4xx_it.o
 .data          0x00000000        0x0 build/stm32f4xx_it.o
 .bss           0x00000000        0x0 build/stm32f4xx_it.o
[...]
Memory Configuration

Name             Origin             Length             Attributes
RAM              0x20000000         0x00030000         xrw
CCMRAM           0x10000000         0x00010000         rw
FLASH            0x08000000         0x00200000         xr
*default*        0x00000000         0xffffffff

Linker script and memory map

LOAD c:/gnutoolsarmembedded/7-2017-q4-major/bin/../lib/gcc/arm-none-eabi/7.2.1/thumb/v7e-m/fpv4-sp/hard/crti.o
LOAD c:/gnutoolsarmembedded/7-2017-q4-major/bin/../lib/gcc/arm-none-eabi/7.2.1/thumb/v7e-m/fpv4-sp/hard/crtbegin.o
LOAD c:/gnutoolsarmembedded/7-2017-q4-major/bin/../lib/gcc/arm-none-eabi/7.2.1/../../../../arm-none-eabi/lib/thumb/v7e-m/fpv4-sp/hard/crt0.o
LOAD build/main.o
LOAD build/stm32f4xx_it.o
LOAD build/stm32f4xx_hal_msp.o
LOAD build/stm32f4xx_hal_spi.o
LOAD build/stm32f4xx_hal_tim.o
LOAD build/stm32f4xx_hal_tim_ex.o
LOAD build/stm32f4xx_hal_uart.o
LOAD build/stm32f4xx_hal_pcd.o
LOAD build/stm32f4xx_hal_pcd_ex.o
LOAD build/stm32f4xx_ll_usb.o
LOAD build/stm32f4xx_hal_rcc.o
LOAD build/stm32f4xx_hal_rcc_ex.o
LOAD build/stm32f4xx_hal_flash.o
LOAD build/stm32f4xx_hal_flash_ex.o
LOAD build/stm32f4xx_hal_flash_ramfunc.o
LOAD build/stm32f4xx_hal_gpio.o
LOAD build/stm32f4xx_hal_dma_ex.o
LOAD build/stm32f4xx_hal_dma.o
LOAD build/stm32f4xx_hal_pwr.o
LOAD build/stm32f4xx_hal_pwr_ex.o
LOAD build/stm32f4xx_hal_cortex.o
LOAD build/stm32f4xx_hal.o
LOAD build/stm32f4xx_hal_exti.o
LOAD build/system_stm32f4xx.o
LOAD build/startup_stm32f427xx.o
LOAD c:/gnutoolsarmembedded/7-2017-q4-major/bin/../lib/gcc/arm-none-eabi/7.2.1/../../../../arm-none-eabi/lib/thumb/v7e-m/fpv4-sp/hard\libc_nano.a
LOAD c:/gnutoolsarmembedded/7-2017-q4-major/bin/../lib/gcc/arm-none-eabi/7.2.1/../../../../arm-none-eabi/lib/thumb/v7e-m/fpv4-sp/hard\libm.a
LOAD c:/gnutoolsarmembedded/7-2017-q4-major/bin/../lib/gcc/arm-none-eabi/7.2.1/../../../../arm-none-eabi/lib/thumb/v7e-m/fpv4-sp/hard\libnosys.a
START GROUP
LOAD c:/gnutoolsarmembedded/7-2017-q4-major/bin/../lib/gcc/arm-none-eabi/7.2.1/thumb/v7e-m/fpv4-sp/hard\libgcc.a
LOAD c:/gnutoolsarmembedded/7-2017-q4-major/bin/../lib/gcc/arm-none-eabi/7.2.1/../../../../arm-none-eabi/lib/thumb/v7e-m/fpv4-sp/hard\libc_nano.a
END GROUP
START GROUP
LOAD c:/gnutoolsarmembedded/7-2017-q4-major/bin/../lib/gcc/arm-none-eabi/7.2.1/thumb/v7e-m/fpv4-sp/hard\libgcc.a
LOAD c:/gnutoolsarmembedded/7-2017-q4-major/bin/../lib/gcc/arm-none-eabi/7.2.1/../../../../arm-none-eabi/lib/thumb/v7e-m/fpv4-sp/hard\libc_nano.a
END GROUP
LOAD c:/gnutoolsarmembedded/7-2017-q4-major/bin/../lib/gcc/arm-none-eabi/7.2.1/thumb/v7e-m/fpv4-sp/hard/crtend.o
LOAD c:/gnutoolsarmembedded/7-2017-q4-major/bin/../lib/gcc/arm-none-eabi/7.2.1/thumb/v7e-m/fpv4-sp/hard/crtn.o
                0x20030000                _estack = 0x20030000
                0x00000200                _Min_Heap_Size = 0x200
                0x00000400                _Min_Stack_Size = 0x400

.isr_vector     0x08000000      0x1ac
                0x08000000                . = ALIGN (0x4)
 *(.isr_vector)
 .isr_vector    0x08000000      0x1ac build/startup_stm32f427xx.o
                0x08000000                g_pfnVectors
                0x080001ac                . = ALIGN (0x4)

.text           0x080001ac     0x25d0
                0x080001ac                . = ALIGN (0x4)
 *(.text)
 .text          0x080001ac       0x40 c:/gnutoolsarmembedded/7-2017-q4-major/bin/../lib/gcc/arm-none-eabi/7.2.1/thumb/v7e-m/fpv4-sp/hard/crtbegin.o
 .text          0x080001ec       0x30 c:/gnutoolsarmembedded/7-2017-q4-major/bin/../lib/gcc/arm-none-eabi/7.2.1/thumb/v7e-m/fpv4-sp/hard\libgcc.a(_aeabi_uldivmod.o)
                0x080001ec                __aeabi_uldivmod
 .text          0x0800021c      0x2cc c:/gnutoolsarmembedded/7-2017-q4-major/bin/../lib/gcc/arm-none-eabi/7.2.1/thumb/v7e-m/fpv4-sp/hard\libgcc.a(_udivmoddi4.o)
                0x0800021c                __udivmoddi4
 .text          0x080004e8        0x4 c:/gnutoolsarmembedded/7-2017-q4-major/bin/../lib/gcc/arm-none-eabi/7.2.1/thumb/v7e-m/fpv4-sp/hard\libgcc.a(_dvmd_tls.o)
                0x080004e8                __aeabi_idiv0
                0x080004e8                __aeabi_ldiv0
 *(.text*)
 .text.MX_GPIO_Init
                0x080004ec       0xb4 build/main.o
 .text.MX_DMA_Init
                0x080005a0       0x34 build/main.o
 .text.MX_SPI1_Init
                0x080005d4       0x38 build/main.o
 .text.MX_USB_OTG_FS_PCD_Init
                0x0800060c       0x2c build/main.o
 .text.MX_UART7_Init
                0x08000638       0x2c build/main.o
 .text.SystemClock_Config
                0x08000664       0x98 build/main.o
                0x08000664                SystemClock_Config
 .text.main     0x080006fc      0x13c build/main.o
                0x080006fc                main
 .text.Error_Handler
                0x08000838        0x2 build/main.o
                0x08000838                Error_Handler
 .text.NMI_Handler
                0x0800083a        0x2 build/stm32f4xx_it.o
                0x0800083a                NMI_Handler
 .text.HardFault_Handler
                0x0800083c        0x2 build/stm32f4xx_it.o
                0x0800083c                HardFault_Handler
 .text.MemManage_Handler
                0x0800083e        0x2 build/stm32f4xx_it.o
                0x0800083e                MemManage_Handler
 .text.BusFault_Handler
                0x08000840        0x2 build/stm32f4xx_it.o
                0x08000840                BusFault_Handler
 .text.UsageFault_Handler
                0x08000842        0x2 build/stm32f4xx_it.o
                0x08000842                UsageFault_Handler
 .text.SVC_Handler
                0x08000844        0x2 build/stm32f4xx_it.o
                0x08000844                SVC_Handler
 .text.DebugMon_Handler
                0x08000846        0x2 build/stm32f4xx_it.o
                0x08000846                DebugMon_Handler
 .text.PendSV_Handler
                0x08000848        0x2 build/stm32f4xx_it.o
                0x08000848                PendSV_Handler
 .text.SysTick_Handler
                0x0800084a        0x8 build/stm32f4xx_it.o
                0x0800084a                SysTick_Handler
 *fill*         0x08000852        0x2 
 .text.DMA2_Stream0_IRQHandler
                0x08000854       0x10 build/stm32f4xx_it.o
                0x08000854                DMA2_Stream0_IRQHandler
 .text.HAL_MspInit
                0x08000864       0x38 build/stm32f4xx_hal_msp.o
                0x08000864                HAL_MspInit
 .text.HAL_SPI_MspInit
                0x0800089c       0xa8 build/stm32f4xx_hal_msp.o
                0x0800089c                HAL_SPI_MspInit
 .text.HAL_UART_MspInit
                0x08000944       0x74 build/stm32f4xx_hal_msp.o
                0x08000944                HAL_UART_MspInit
 .text.HAL_PCD_MspInit
                0x080009b8       0x74 build/stm32f4xx_hal_msp.o
                0x080009b8                HAL_PCD_MspInit
 .text.SPI_WaitFlagStateUntilTimeout
                0x08000a2c       0x90 build/stm32f4xx_hal_spi.o
 .text.SPI_EndRxTxTransaction
                0x08000abc       0x68 build/stm32f4xx_hal_spi.o
 .text.SPI_EndRxTransaction
                0x08000b24       0x98 build/stm32f4xx_hal_spi.o
 .text.HAL_SPI_Init
                0x08000bbc       0x80 build/stm32f4xx_hal_spi.o
                0x08000bbc                HAL_SPI_Init
 .text.HAL_SPI_Transmit
                0x08000c3c      0x19a build/stm32f4xx_hal_spi.o
                0x08000c3c                HAL_SPI_Transmit
 .text.HAL_SPI_TransmitReceive
                0x08000dd6      0x22e build/stm32f4xx_hal_spi.o
                0x08000dd6                HAL_SPI_TransmitReceive
 .text.HAL_SPI_Receive
                0x08001004      0x162 build/stm32f4xx_hal_spi.o
                0x08001004                HAL_SPI_Receive
 *fill*         0x08001166        0x2 
 .text.UART_SetConfig
                0x08001168      0x218 build/stm32f4xx_hal_uart.o
 .text.UART_WaitOnFlagUntilTimeout
                0x08001380       0x62 build/stm32f4xx_hal_uart.o
 .text.HAL_UART_Init
                0x080013e2       0x5e build/stm32f4xx_hal_uart.o
                0x080013e2                HAL_UART_Init
 .text.HAL_UART_Transmit
                0x08001440       0xe2 build/stm32f4xx_hal_uart.o
                0x08001440                HAL_UART_Transmit
 .text.HAL_PCD_Init
                0x08001522      0x122 build/stm32f4xx_hal_pcd.o
                0x08001522                HAL_PCD_Init
 .text.USB_CoreReset
                0x08001644       0x3c build/stm32f4xx_ll_usb.o
 .text.USB_CoreInit
                0x08001680       0x8a build/stm32f4xx_ll_usb.o
                0x08001680                USB_CoreInit
 .text.USB_DisableGlobalInt
                0x0800170a        0xc build/stm32f4xx_ll_usb.o
                0x0800170a                USB_DisableGlobalInt
 .text.USB_SetCurrentMode
                0x08001716       0x30 build/stm32f4xx_ll_usb.o
                0x08001716                USB_SetCurrentMode
 *fill*         0x08001746        0x2 
 .text.USB_FlushTxFifo
                0x08001748       0x28 build/stm32f4xx_ll_usb.o
                0x08001748                USB_FlushTxFifo
 .text.USB_FlushRxFifo
                0x08001770       0x24 build/stm32f4xx_ll_usb.o
                0x08001770                USB_FlushRxFifo
 .text.USB_SetDevSpeed
                0x08001794        0xe build/stm32f4xx_ll_usb.o
                0x08001794                USB_SetDevSpeed
 *fill*         0x080017a2        0x2 
 .text.USB_DevInit
                0x080017a4      0x1a0 build/stm32f4xx_ll_usb.o
                0x080017a4                USB_DevInit
 .text.USB_DevDisconnect
                0x08001944       0x18 build/stm32f4xx_ll_usb.o
                0x08001944                USB_DevDisconnect
 .text.HAL_RCC_OscConfig
                0x0800195c      0x3ec build/stm32f4xx_hal_rcc.o
                0x0800195c                HAL_RCC_OscConfig
 .text.HAL_RCC_GetSysClockFreq
                0x08001d48       0xa8 build/stm32f4xx_hal_rcc.o
                0x08001d48                HAL_RCC_GetSysClockFreq
 .text.HAL_RCC_ClockConfig
                0x08001df0      0x160 build/stm32f4xx_hal_rcc.o
                0x08001df0                HAL_RCC_ClockConfig
 .text.HAL_RCC_GetHCLKFreq
                0x08001f50        0xc build/stm32f4xx_hal_rcc.o
                0x08001f50                HAL_RCC_GetHCLKFreq
 .text.HAL_RCC_GetPCLK1Freq
                0x08001f5c       0x20 build/stm32f4xx_hal_rcc.o
                0x08001f5c                HAL_RCC_GetPCLK1Freq
 .text.HAL_RCC_GetPCLK2Freq
                0x08001f7c       0x20 build/stm32f4xx_hal_rcc.o
                0x08001f7c                HAL_RCC_GetPCLK2Freq
 .text.HAL_GPIO_Init
                0x08001f9c      0x1e0 build/stm32f4xx_hal_gpio.o
                0x08001f9c                HAL_GPIO_Init
 .text.HAL_GPIO_WritePin
                0x0800217c        0xc build/stm32f4xx_hal_gpio.o
                0x0800217c                HAL_GPIO_WritePin
 .text.DMA_CalcBaseAndBitshift
                0x08002188       0x3c build/stm32f4xx_hal_dma.o
 .text.DMA_CheckFifoParam
                0x080021c4       0x8e build/stm32f4xx_hal_dma.o
 *fill*         0x08002252        0x2 
 .text.HAL_DMA_Init
                0x08002254       0xcc build/stm32f4xx_hal_dma.o
                0x08002254                HAL_DMA_Init
 .text.HAL_DMA_IRQHandler
                0x08002320      0x1dc build/stm32f4xx_hal_dma.o
                0x08002320                HAL_DMA_IRQHandler
 .text.HAL_NVIC_SetPriorityGrouping
                0x080024fc       0x24 build/stm32f4xx_hal_cortex.o
                0x080024fc                HAL_NVIC_SetPriorityGrouping
 .text.HAL_NVIC_SetPriority
                0x08002520       0x68 build/stm32f4xx_hal_cortex.o
                0x08002520                HAL_NVIC_SetPriority
 .text.HAL_NVIC_EnableIRQ
                0x08002588       0x1c build/stm32f4xx_hal_cortex.o
                0x08002588                HAL_NVIC_EnableIRQ
 .text.HAL_SYSTICK_Config
                0x080025a4       0x2c build/stm32f4xx_hal_cortex.o
                0x080025a4                HAL_SYSTICK_Config
 .text.HAL_InitTick
                0x080025d0       0x4c build/stm32f4xx_hal.o
                0x080025d0                HAL_InitTick
 .text.HAL_Init
                0x0800261c       0x34 build/stm32f4xx_hal.o
                0x0800261c                HAL_Init
 .text.HAL_IncTick
                0x08002650       0x18 build/stm32f4xx_hal.o
                0x08002650                HAL_IncTick
 .text.HAL_GetTick
                0x08002668        0xc build/stm32f4xx_hal.o
                0x08002668                HAL_GetTick
 .text.HAL_Delay
                0x08002674       0x28 build/stm32f4xx_hal.o
                0x08002674                HAL_Delay
 .text.SystemInit
                0x0800269c       0x1c build/system_stm32f4xx.o
                0x0800269c                SystemInit
 .text.Reset_Handler
                0x080026b8       0x50 build/startup_stm32f427xx.o
                0x080026b8                Reset_Handler
 .text.Default_Handler
                0x08002708        0x2 build/startup_stm32f427xx.o
                0x08002708                RTC_Alarm_IRQHandler
                0x08002708                HASH_RNG_IRQHandler
                0x08002708                EXTI2_IRQHandler
                0x08002708                TIM8_CC_IRQHandler
                0x08002708                UART8_IRQHandler
                0x08002708                SPI4_IRQHandler
                0x08002708                TIM1_CC_IRQHandler
                0x08002708                DMA2_Stream5_IRQHandler
                0x08002708                DMA1_Stream5_IRQHandler
                0x08002708                PVD_IRQHandler
                0x08002708                SDIO_IRQHandler
                0x08002708                TAMP_STAMP_IRQHandler
                0x08002708                CAN2_RX1_IRQHandler
                0x08002708                EXTI3_IRQHandler
                0x08002708                TIM8_TRG_COM_TIM14_IRQHandler
                0x08002708                TIM1_UP_TIM10_IRQHandler
                0x08002708                TIM8_UP_TIM13_IRQHandler
                0x08002708                I2C3_ER_IRQHandler
                0x08002708                EXTI0_IRQHandler
                0x08002708                I2C2_EV_IRQHandler
                0x08002708                DMA1_Stream2_IRQHandler
                0x08002708                CAN1_RX0_IRQHandler
                0x08002708                FPU_IRQHandler
                0x08002708                OTG_HS_WKUP_IRQHandler
                0x08002708                CAN2_SCE_IRQHandler
                0x08002708                DMA2_Stream2_IRQHandler
                0x08002708                SPI1_IRQHandler
                0x08002708                TIM6_DAC_IRQHandler
                0x08002708                TIM1_BRK_TIM9_IRQHandler
                0x08002708                DCMI_IRQHandler
                0x08002708                CAN2_RX0_IRQHandler
                0x08002708                DMA2_Stream3_IRQHandler
                0x08002708                USART6_IRQHandler
                0x08002708                USART3_IRQHandler
                0x08002708                CAN1_RX1_IRQHandler
                0x08002708                UART5_IRQHandler
                0x08002708                TIM4_IRQHandler
                0x08002708                I2C1_EV_IRQHandler
                0x08002708                DMA1_Stream6_IRQHandler
                0x08002708                DMA1_Stream1_IRQHandler
                0x08002708                UART4_IRQHandler
                0x08002708                TIM3_IRQHandler
                0x08002708                RCC_IRQHandler
                0x08002708                TIM8_BRK_TIM12_IRQHandler
                0x08002708                Default_Handler
                0x08002708                EXTI15_10_IRQHandler
                0x08002708                ADC_IRQHandler
                0x08002708                DMA1_Stream7_IRQHandler
                0x08002708                SPI5_IRQHandler
                0x08002708                TIM7_IRQHandler
                0x08002708                CAN2_TX_IRQHandler
                0x08002708                TIM5_IRQHandler
                0x08002708                DMA2_Stream7_IRQHandler
                0x08002708                I2C3_EV_IRQHandler
                0x08002708                EXTI9_5_IRQHandler
                0x08002708                RTC_WKUP_IRQHandler
                0x08002708                ETH_WKUP_IRQHandler
                0x08002708                SPI2_IRQHandler
                0x08002708                OTG_HS_EP1_IN_IRQHandler
                0x08002708                DMA1_Stream0_IRQHandler
                0x08002708                CAN1_TX_IRQHandler
                0x08002708                EXTI4_IRQHandler
                0x08002708                ETH_IRQHandler
                0x08002708                OTG_HS_EP1_OUT_IRQHandler
                0x08002708                WWDG_IRQHandler
                0x08002708                SPI6_IRQHandler
                0x08002708                TIM2_IRQHandler
                0x08002708                OTG_FS_WKUP_IRQHandler
                0x08002708                TIM1_TRG_COM_TIM11_IRQHandler
                0x08002708                OTG_HS_IRQHandler
                0x08002708                DMA2D_IRQHandler
                0x08002708                EXTI1_IRQHandler
                0x08002708                UART7_IRQHandler
                0x08002708                USART2_IRQHandler
                0x08002708                I2C2_ER_IRQHandler
                0x08002708                DMA2_Stream1_IRQHandler
                0x08002708                CAN1_SCE_IRQHandler
                0x08002708                FLASH_IRQHandler
                0x08002708                DMA2_Stream4_IRQHandler
                0x08002708                USART1_IRQHandler
                0x08002708                OTG_FS_IRQHandler
                0x08002708                SPI3_IRQHandler
                0x08002708                DMA1_Stream4_IRQHandler
                0x08002708                I2C1_ER_IRQHandler
                0x08002708                FMC_IRQHandler
                0x08002708                DMA2_Stream6_IRQHandler
                0x08002708                SAI1_IRQHandler
                0x08002708                DMA1_Stream3_IRQHandler
 *fill*         0x0800270a        0x2 
 .text.__libc_init_array
                0x0800270c       0x48 c:/gnutoolsarmembedded/7-2017-q4-major/bin/../lib/gcc/arm-none-eabi/7.2.1/../../../../arm-none-eabi/lib/thumb/v7e-m/fpv4-sp/hard\libc_nano.a(lib_a-init.o)
                0x0800270c                __libc_init_array
 .text.memset   0x08002754       0x10 c:/gnutoolsarmembedded/7-2017-q4-major/bin/../lib/gcc/arm-none-eabi/7.2.1/../../../../arm-none-eabi/lib/thumb/v7e-m/fpv4-sp/hard\libc_nano.a(lib_a-memset.o)
                0x08002754                memset
 *(.glue_7)
 .glue_7        0x08002764        0x0 linker stubs
 *(.glue_7t)
 .glue_7t       0x08002764        0x0 linker stubs
 *(.eh_frame)
 .eh_frame      0x08002764        0x0 c:/gnutoolsarmembedded/7-2017-q4-major/bin/../lib/gcc/arm-none-eabi/7.2.1/thumb/v7e-m/fpv4-sp/hard/crtbegin.o
 *(.init)
 .init          0x08002764        0x4 c:/gnutoolsarmembedded/7-2017-q4-major/bin/../lib/gcc/arm-none-eabi/7.2.1/thumb/v7e-m/fpv4-sp/hard/crti.o
                0x08002764                _init
 .init          0x08002768        0x8 c:/gnutoolsarmembedded/7-2017-q4-major/bin/../lib/gcc/arm-none-eabi/7.2.1/thumb/v7e-m/fpv4-sp/hard/crtn.o
 *(.fini)
 .fini          0x08002770        0x4 c:/gnutoolsarmembedded/7-2017-q4-major/bin/../lib/gcc/arm-none-eabi/7.2.1/thumb/v7e-m/fpv4-sp/hard/crti.o
                0x08002770                _fini
 .fini          0x08002774        0x8 c:/gnutoolsarmembedded/7-2017-q4-major/bin/../lib/gcc/arm-none-eabi/7.2.1/thumb/v7e-m/fpv4-sp/hard/crtn.o
                0x0800277c                . = ALIGN (0x4)
                0x0800277c                _etext = .

.vfp11_veneer   0x0800277c        0x0
 .vfp11_veneer  0x0800277c        0x0 linker stubs

.v4_bx          0x0800277c        0x0
 .v4_bx         0x0800277c        0x0 linker stubs

.iplt           0x0800277c        0x0
 .iplt          0x0800277c        0x0 c:/gnutoolsarmembedded/7-2017-q4-major/bin/../lib/gcc/arm-none-eabi/7.2.1/thumb/v7e-m/fpv4-sp/hard/crtbegin.o

.rodata         0x0800277c       0x28
                0x0800277c                . = ALIGN (0x4)
 *(.rodata)
 *(.rodata*)
 .rodata.main.str1.4
                0x0800277c        0x8 build/main.o
                                  0x5 (size before relaxing)
 .rodata.flagBitshiftOffset.8199
                0x08002784        0x8 build/stm32f4xx_hal_dma.o
 .rodata.AHBPrescTable
                0x0800278c       0x10 build/system_stm32f4xx.o
                0x0800278c                AHBPrescTable
 .rodata.APBPrescTable
                0x0800279c        0x8 build/system_stm32f4xx.o
                0x0800279c                APBPrescTable
                0x080027a4                . = ALIGN (0x4)

.ARM.extab
 *(.ARM.extab* .gnu.linkonce.armextab.*)

.ARM            0x080027a4        0x8
                0x080027a4                __exidx_start = .
 *(.ARM.exidx*)
 .ARM.exidx     0x080027a4        0x8 c:/gnutoolsarmembedded/7-2017-q4-major/bin/../lib/gcc/arm-none-eabi/7.2.1/thumb/v7e-m/fpv4-sp/hard\libgcc.a(_udivmoddi4.o)
                0x080027ac                __exidx_end = .

.rel.dyn        0x080027ac        0x0
 .rel.iplt      0x080027ac        0x0 c:/gnutoolsarmembedded/7-2017-q4-major/bin/../lib/gcc/arm-none-eabi/7.2.1/thumb/v7e-m/fpv4-sp/hard/crtbegin.o

.preinit_array  0x080027ac        0x0
                0x080027ac                PROVIDE (__preinit_array_start, .)
 *(.preinit_array*)
                0x080027ac                PROVIDE (__preinit_array_end, .)

.init_array     0x080027ac        0x4
                0x080027ac                PROVIDE (__init_array_start, .)
 *(SORT_BY_NAME(.init_array.*))
 *(.init_array*)
 .init_array    0x080027ac        0x4 c:/gnutoolsarmembedded/7-2017-q4-major/bin/../lib/gcc/arm-none-eabi/7.2.1/thumb/v7e-m/fpv4-sp/hard/crtbegin.o
                0x080027b0                PROVIDE (__init_array_end, .)

.fini_array     0x080027b0        0x4
                [!provide]                PROVIDE (__fini_array_start, .)
 *(SORT_BY_NAME(.fini_array.*))
 *(.fini_array*)
 .fini_array    0x080027b0        0x4 c:/gnutoolsarmembedded/7-2017-q4-major/bin/../lib/gcc/arm-none-eabi/7.2.1/thumb/v7e-m/fpv4-sp/hard/crtbegin.o
                [!provide]                PROVIDE (__fini_array_end, .)
                0x080027b4                _sidata = LOADADDR (.data)

.data           0x20000000        0xc load address 0x080027b4
                0x20000000                . = ALIGN (0x4)
                0x20000000                _sdata = .
 *(.data)
 *(.data*)
 .data.uwTickFreq
                0x20000000        0x1 build/stm32f4xx_hal.o
                0x20000000                uwTickFreq
 *fill*         0x20000001        0x3 
 .data.uwTickPrio
                0x20000004        0x4 build/stm32f4xx_hal.o
                0x20000004                uwTickPrio
 .data.SystemCoreClock
                0x20000008        0x4 build/system_stm32f4xx.o
                0x20000008                SystemCoreClock
                0x2000000c                . = ALIGN (0x4)
                0x2000000c                _edata = .
                0x080027c0                _siccmram = LOADADDR (.ccmram)

.igot.plt       0x2000000c        0x0 load address 0x080027c0
 .igot.plt      0x2000000c        0x0 c:/gnutoolsarmembedded/7-2017-q4-major/bin/../lib/gcc/arm-none-eabi/7.2.1/thumb/v7e-m/fpv4-sp/hard/crtbegin.o

.ccmram         0x10000000        0x0 load address 0x080027c0
                0x10000000                . = ALIGN (0x4)
                0x10000000                _sccmram = .
 *(.ccmram)
 *(.ccmram*)
                0x10000000                . = ALIGN (0x4)
                0x10000000                _eccmram = .
                0x10000000                . = ALIGN (0x4)

.bss            0x2000000c      0x520
                0x2000000c                _sbss = .
                0x2000000c                __bss_start__ = _sbss
 *(.bss)
 .bss           0x2000000c       0x1c c:/gnutoolsarmembedded/7-2017-q4-major/bin/../lib/gcc/arm-none-eabi/7.2.1/thumb/v7e-m/fpv4-sp/hard/crtbegin.o
 *(.bss*)
 *(COMMON)
 COMMON         0x20000028      0x500 build/main.o
                0x20000028                huart7
                0x20000068                hpcd_USB_OTG_FS
                0x20000470                hspi1
                0x200004c8                hdma_spi1_rx
 COMMON         0x20000528        0x4 build/stm32f4xx_hal.o
                0x20000528                uwTick
                0x2000052c                . = ALIGN (0x4)
                0x2000052c                _ebss = .
                0x2000052c                __bss_end__ = _ebss

._user_heap_stack
                0x2000052c      0x604
                0x20000530                . = ALIGN (0x8)
 *fill*         0x2000052c        0x4 
                [!provide]                PROVIDE (end, .)
                [!provide]                PROVIDE (_end, .)
                0x20000730                . = (. + _Min_Heap_Size)
 *fill*         0x20000530      0x200 
                0x20000b30                . = (. + _Min_Stack_Size)
 *fill*         0x20000730      0x400 
                0x20000b30                . = ALIGN (0x8)

/DISCARD/
 libc.a(*)
 libm.a(*)
 libgcc.a(*)

.ARM.attributes
                0x00000000       0x30
 *(.ARM.attributes)
 .ARM.attributes
                0x00000000       0x22 c:/gnutoolsarmembedded/7-2017-q4-major/bin/../lib/gcc/arm-none-eabi/7.2.1/thumb/v7e-m/fpv4-sp/hard/crti.o
 .ARM.attributes
                0x00000022       0x34 c:/gnutoolsarmembedded/7-2017-q4-major/bin/../lib/gcc/arm-none-eabi/7.2.1/thumb/v7e-m/fpv4-sp/hard/crtbegin.o
 .ARM.attributes
                0x00000056       0x39 build/main.o
 .ARM.attributes
                0x0000008f       0x39 build/stm32f4xx_it.o
 .ARM.attributes
                0x000000c8       0x39 build/stm32f4xx_hal_msp.o
 .ARM.attributes
                0x00000101       0x39 build/stm32f4xx_hal_spi.o
 .ARM.attributes
                0x0000013a       0x39 build/stm32f4xx_hal_uart.o
 .ARM.attributes
                0x00000173       0x39 build/stm32f4xx_hal_pcd.o
 .ARM.attributes
                0x000001ac       0x39 build/stm32f4xx_ll_usb.o
 .ARM.attributes
                0x000001e5       0x39 build/stm32f4xx_hal_rcc.o
 .ARM.attributes
                0x0000021e       0x39 build/stm32f4xx_hal_gpio.o
 .ARM.attributes
                0x00000257       0x39 build/stm32f4xx_hal_dma.o
 .ARM.attributes
                0x00000290       0x39 build/stm32f4xx_hal_cortex.o
 .ARM.attributes
                0x000002c9       0x39 build/stm32f4xx_hal.o
 .ARM.attributes
                0x00000302       0x39 build/system_stm32f4xx.o
 .ARM.attributes
                0x0000033b       0x21 build/startup_stm32f427xx.o
 .ARM.attributes
                0x0000035c       0x34 c:/gnutoolsarmembedded/7-2017-q4-major/bin/../lib/gcc/arm-none-eabi/7.2.1/../../../../arm-none-eabi/lib/thumb/v7e-m/fpv4-sp/hard\libc_nano.a(lib_a-init.o)
 .ARM.attributes
                0x00000390       0x34 c:/gnutoolsarmembedded/7-2017-q4-major/bin/../lib/gcc/arm-none-eabi/7.2.1/../../../../arm-none-eabi/lib/thumb/v7e-m/fpv4-sp/hard\libc_nano.a(lib_a-memset.o)
 .ARM.attributes
                0x000003c4       0x22 c:/gnutoolsarmembedded/7-2017-q4-major/bin/../lib/gcc/arm-none-eabi/7.2.1/thumb/v7e-m/fpv4-sp/hard\libgcc.a(_aeabi_uldivmod.o)
 .ARM.attributes
                0x000003e6       0x34 c:/gnutoolsarmembedded/7-2017-q4-major/bin/../lib/gcc/arm-none-eabi/7.2.1/thumb/v7e-m/fpv4-sp/hard\libgcc.a(_udivmoddi4.o)
 .ARM.attributes
                0x0000041a       0x22 c:/gnutoolsarmembedded/7-2017-q4-major/bin/../lib/gcc/arm-none-eabi/7.2.1/thumb/v7e-m/fpv4-sp/hard\libgcc.a(_dvmd_tls.o)
 .ARM.attributes
                0x0000043c       0x22 c:/gnutoolsarmembedded/7-2017-q4-major/bin/../lib/gcc/arm-none-eabi/7.2.1/thumb/v7e-m/fpv4-sp/hard/crtn.o
OUTPUT(build/stmcube_code.elf elf32-littlearm)

.debug_info     0x00000000     0xe290
 .debug_info    0x00000000     0x1b7e build/main.o
 .debug_info    0x00001b7e      0x525 build/stm32f4xx_it.o
 .debug_info    0x000020a3     0x13dc build/stm32f4xx_hal_msp.o
 .debug_info    0x0000347f     0x1d82 build/stm32f4xx_hal_spi.o
 .debug_info    0x00005201     0x189d build/stm32f4xx_hal_uart.o
 .debug_info    0x00006a9e     0x195a build/stm32f4xx_hal_pcd.o
 .debug_info    0x000083f8     0x1d39 build/stm32f4xx_ll_usb.o
 .debug_info    0x0000a131      0xb97 build/stm32f4xx_hal_rcc.o
 .debug_info    0x0000acc8      0x884 build/stm32f4xx_hal_gpio.o
 .debug_info    0x0000b54c      0xb46 build/stm32f4xx_hal_dma.o
 .debug_info    0x0000c092     0x109c build/stm32f4xx_hal_cortex.o
 .debug_info    0x0000d12e      0xb48 build/stm32f4xx_hal.o
 .debug_info    0x0000dc76      0x5f8 build/system_stm32f4xx.o
 .debug_info    0x0000e26e       0x22 build/startup_stm32f427xx.o

.debug_abbrev   0x00000000     0x1ea3
 .debug_abbrev  0x00000000      0x26a build/main.o
 .debug_abbrev  0x0000026a      0x179 build/stm32f4xx_it.o
 .debug_abbrev  0x000003e3      0x218 build/stm32f4xx_hal_msp.o
 .debug_abbrev  0x000005fb      0x298 build/stm32f4xx_hal_spi.o
 .debug_abbrev  0x00000893      0x2d7 build/stm32f4xx_hal_uart.o
 .debug_abbrev  0x00000b6a      0x2ad build/stm32f4xx_hal_pcd.o
 .debug_abbrev  0x00000e17      0x2d1 build/stm32f4xx_ll_usb.o
 .debug_abbrev  0x000010e8      0x28d build/stm32f4xx_hal_rcc.o
 .debug_abbrev  0x00001375      0x21c build/stm32f4xx_hal_gpio.o
 .debug_abbrev  0x00001591      0x2ac build/stm32f4xx_hal_dma.o
 .debug_abbrev  0x0000183d      0x33d build/stm32f4xx_hal_cortex.o
 .debug_abbrev  0x00001b7a      0x1ed build/stm32f4xx_hal.o
 .debug_abbrev  0x00001d67      0x12a build/system_stm32f4xx.o
 .debug_abbrev  0x00001e91       0x12 build/startup_stm32f427xx.o

.debug_loc      0x00000000     0x9618
 .debug_loc     0x00000000      0x136 build/main.o
 .debug_loc     0x00000136       0x40 build/stm32f4xx_it.o
 .debug_loc     0x00000176      0x2a3 build/stm32f4xx_hal_msp.o
 .debug_loc     0x00000419     0x20fa build/stm32f4xx_hal_spi.o
 .debug_loc     0x00002513     0x1a4d build/stm32f4xx_hal_uart.o
 .debug_loc     0x00003f60     0x12ec build/stm32f4xx_hal_pcd.o
 .debug_loc     0x0000524c     0x232e build/stm32f4xx_ll_usb.o
 .debug_loc     0x0000757a      0x573 build/stm32f4xx_hal_rcc.o
 .debug_loc     0x00007aed      0x53e build/stm32f4xx_hal_gpio.o
 .debug_loc     0x0000802b      0xc96 build/stm32f4xx_hal_dma.o
 .debug_loc     0x00008cc1      0x65e build/stm32f4xx_hal_cortex.o
 .debug_loc     0x0000931f      0x1bb build/stm32f4xx_hal.o
 .debug_loc     0x000094da      0x13e build/system_stm32f4xx.o

.debug_aranges  0x00000000      0xae0
 .debug_aranges
                0x00000000       0x58 build/main.o
 .debug_aranges
                0x00000058       0x68 build/stm32f4xx_it.o
 .debug_aranges
                0x000000c0       0x50 build/stm32f4xx_hal_msp.o
 .debug_aranges
                0x00000110      0x1d0 build/stm32f4xx_hal_spi.o
 .debug_aranges
                0x000002e0      0x1d0 build/stm32f4xx_hal_uart.o
 .debug_aranges
                0x000004b0      0x130 build/stm32f4xx_hal_pcd.o
 .debug_aranges
                0x000005e0      0x198 build/stm32f4xx_ll_usb.o
 .debug_aranges
                0x00000778       0x88 build/stm32f4xx_hal_rcc.o
 .debug_aranges
                0x00000800       0x58 build/stm32f4xx_hal_gpio.o
 .debug_aranges
                0x00000858       0x90 build/stm32f4xx_hal_dma.o
 .debug_aranges
                0x000008e8       0xa8 build/stm32f4xx_hal_cortex.o
 .debug_aranges
                0x00000990      0x100 build/stm32f4xx_hal.o
 .debug_aranges
                0x00000a90       0x28 build/system_stm32f4xx.o
 .debug_aranges
                0x00000ab8       0x28 build/startup_stm32f427xx.o

.debug_ranges   0x00000000      0xa80
 .debug_ranges  0x00000000       0x48 build/main.o
 .debug_ranges  0x00000048       0x58 build/stm32f4xx_it.o
 .debug_ranges  0x000000a0       0x40 build/stm32f4xx_hal_msp.o
 .debug_ranges  0x000000e0      0x1c0 build/stm32f4xx_hal_spi.o
 .debug_ranges  0x000002a0      0x1c0 build/stm32f4xx_hal_uart.o
 .debug_ranges  0x00000460      0x120 build/stm32f4xx_hal_pcd.o
 .debug_ranges  0x00000580      0x188 build/stm32f4xx_ll_usb.o
 .debug_ranges  0x00000708       0x90 build/stm32f4xx_hal_rcc.o
 .debug_ranges  0x00000798       0x48 build/stm32f4xx_hal_gpio.o
 .debug_ranges  0x000007e0       0x80 build/stm32f4xx_hal_dma.o
 .debug_ranges  0x00000860       0xf8 build/stm32f4xx_hal_cortex.o
 .debug_ranges  0x00000958       0xf0 build/stm32f4xx_hal.o
 .debug_ranges  0x00000a48       0x18 build/system_stm32f4xx.o
 .debug_ranges  0x00000a60       0x20 build/startup_stm32f427xx.o

.debug_line     0x00000000     0x48f2
 .debug_line    0x00000000      0x3a7 build/main.o
 .debug_line    0x000003a7      0x259 build/stm32f4xx_it.o
 .debug_line    0x00000600      0x300 build/stm32f4xx_hal_msp.o
 .debug_line    0x00000900      0xc45 build/stm32f4xx_hal_spi.o
 .debug_line    0x00001545      0xb63 build/stm32f4xx_hal_uart.o
 .debug_line    0x000020a8      0x7e8 build/stm32f4xx_hal_pcd.o
 .debug_line    0x00002890      0x8b1 build/stm32f4xx_ll_usb.o
 .debug_line    0x00003141      0x4a8 build/stm32f4xx_hal_rcc.o
 .debug_line    0x000035e9      0x384 build/stm32f4xx_hal_gpio.o
 .debug_line    0x0000396d      0x50d build/stm32f4xx_hal_dma.o
 .debug_line    0x00003e7a      0x432 build/stm32f4xx_hal_cortex.o
 .debug_line    0x000042ac      0x40c build/stm32f4xx_hal.o
 .debug_line    0x000046b8      0x1c6 build/system_stm32f4xx.o
 .debug_line    0x0000487e       0x74 build/startup_stm32f427xx.o

.debug_str      0x00000000     0x38d2
 .debug_str     0x00000000     0x142c build/main.o
                               0x1509 (size before relaxing)
 .debug_str     0x0000142c       0xda build/stm32f4xx_it.o
                                0x59f (size before relaxing)
 .debug_str     0x00001506       0xc8 build/stm32f4xx_hal_msp.o
                                0xdcf (size before relaxing)
 .debug_str     0x000015ce      0x552 build/stm32f4xx_hal_spi.o
                                0xc94 (size before relaxing)
 .debug_str     0x00001b20      0x530 build/stm32f4xx_hal_uart.o
                                0xcec (size before relaxing)
 .debug_str     0x00002050      0x77e build/stm32f4xx_hal_pcd.o
                                0xdf1 (size before relaxing)
 .debug_str     0x000027ce      0x42c build/stm32f4xx_ll_usb.o
                                0xd07 (size before relaxing)
 .debug_str     0x00002bfa      0x17d build/stm32f4xx_hal_rcc.o
                                0x79c (size before relaxing)
 .debug_str     0x00002d77      0x120 build/stm32f4xx_hal_gpio.o
                                0x5be (size before relaxing)
 .debug_str     0x00002e97      0x29b build/stm32f4xx_hal_dma.o
                                0x831 (size before relaxing)
 .debug_str     0x00003132      0x4df build/stm32f4xx_hal_cortex.o
                                0xd32 (size before relaxing)
 .debug_str     0x00003611      0x25a build/stm32f4xx_hal.o
                                0xc41 (size before relaxing)
 .debug_str     0x0000386b       0x42 build/system_stm32f4xx.o
                                0x422 (size before relaxing)
 .debug_str     0x000038ad       0x25 build/startup_stm32f427xx.o
                                 0x56 (size before relaxing)

.comment        0x00000000       0x7e
 .comment       0x00000000       0x7e build/main.o
                                 0x7f (size before relaxing)
 .comment       0x0000007e       0x7f build/stm32f4xx_it.o
 .comment       0x0000007e       0x7f build/stm32f4xx_hal_msp.o
 .comment       0x0000007e       0x7f build/stm32f4xx_hal_spi.o
 .comment       0x0000007e       0x7f build/stm32f4xx_hal_uart.o
 .comment       0x0000007e       0x7f build/stm32f4xx_hal_pcd.o
 .comment       0x0000007e       0x7f build/stm32f4xx_ll_usb.o
 .comment       0x0000007e       0x7f build/stm32f4xx_hal_rcc.o
 .comment       0x0000007e       0x7f build/stm32f4xx_hal_gpio.o
 .comment       0x0000007e       0x7f build/stm32f4xx_hal_dma.o
 .comment       0x0000007e       0x7f build/stm32f4xx_hal_cortex.o
 .comment       0x0000007e       0x7f build/stm32f4xx_hal.o
 .comment       0x0000007e       0x7f build/system_stm32f4xx.o

.debug_frame    0x00000000     0x1ff0
 .debug_frame   0x00000000       0xf8 build/main.o
 .debug_frame   0x000000f8       0xc8 build/stm32f4xx_it.o
 .debug_frame   0x000001c0       0xec build/stm32f4xx_hal_msp.o
 .debug_frame   0x000002ac      0x62c build/stm32f4xx_hal_spi.o
 .debug_frame   0x000008d8      0x584 build/stm32f4xx_hal_uart.o
 .debug_frame   0x00000e5c      0x3b4 build/stm32f4xx_hal_pcd.o
 .debug_frame   0x00001210      0x50c build/stm32f4xx_ll_usb.o
 .debug_frame   0x0000171c      0x1c4 build/stm32f4xx_hal_rcc.o
 .debug_frame   0x000018e0       0xf0 build/stm32f4xx_hal_gpio.o
 .debug_frame   0x000019d0      0x1b8 build/stm32f4xx_hal_dma.o
 .debug_frame   0x00001b88      0x16c build/stm32f4xx_hal_cortex.o
 .debug_frame   0x00001cf4      0x220 build/stm32f4xx_hal.o
 .debug_frame   0x00001f14       0x30 build/system_stm32f4xx.o
 .debug_frame   0x00001f44       0x2c c:/gnutoolsarmembedded/7-2017-q4-major/bin/../lib/gcc/arm-none-eabi/7.2.1/../../../../arm-none-eabi/lib/thumb/v7e-m/fpv4-sp/hard\libc_nano.a(lib_a-init.o)
 .debug_frame   0x00001f70       0x20 c:/gnutoolsarmembedded/7-2017-q4-major/bin/../lib/gcc/arm-none-eabi/7.2.1/../../../../arm-none-eabi/lib/thumb/v7e-m/fpv4-sp/hard\libc_nano.a(lib_a-memset.o)
 .debug_frame   0x00001f90       0x2c c:/gnutoolsarmembedded/7-2017-q4-major/bin/../lib/gcc/arm-none-eabi/7.2.1/thumb/v7e-m/fpv4-sp/hard\libgcc.a(_aeabi_uldivmod.o)
 .debug_frame   0x00001fbc       0x34 c:/gnutoolsarmembedded/7-2017-q4-major/bin/../lib/gcc/arm-none-eabi/7.2.1/thumb/v7e-m/fpv4-sp/hard\libgcc.a(_udivmoddi4.o)

Cross Reference Table

Symbol                                            File
ADC_IRQHandler                                    build/startup_stm32f427xx.o
AHBPrescTable                                     build/system_stm32f4xx.o
                                                  build/stm32f4xx_hal_rcc.o
APBPrescTable                                     build/system_stm32f4xx.o
                                                  build/stm32f4xx_hal_rcc.o
BusFault_Handler                                  build/stm32f4xx_it.o
CAN1_RX0_IRQHandler                               build/startup_stm32f427xx.o
CAN1_RX1_IRQHandler                               build/startup_stm32f427xx.o
CAN1_SCE_IRQHandler                               build/startup_stm32f427xx.o
CAN1_TX_IRQHandler                                build/startup_stm32f427xx.o
CAN2_RX0_IRQHandler                               build/startup_stm32f427xx.o
CAN2_RX1_IRQHandler                               build/startup_stm32f427xx.o
CAN2_SCE_IRQHandler                               build/startup_stm32f427xx.o
CAN2_TX_IRQHandler                                build/startup_stm32f427xx.o
DCMI_IRQHandler                                   build/startup_stm32f427xx.o
DMA1_Stream0_IRQHandler                           build/startup_stm32f427xx.o
DMA1_Stream1_IRQHandler                           build/startup_stm32f427xx.o
DMA1_Stream2_IRQHandler                           build/startup_stm32f427xx.o
DMA1_Stream3_IRQHandler                           build/startup_stm32f427xx.o
DMA1_Stream4_IRQHandler                           build/startup_stm32f427xx.o
DMA1_Stream5_IRQHandler                           build/startup_stm32f427xx.o
DMA1_Stream6_IRQHandler                           build/startup_stm32f427xx.o
DMA1_Stream7_IRQHandler                           build/startup_stm32f427xx.o
DMA2D_IRQHandler                                  build/startup_stm32f427xx.o
DMA2_Stream0_IRQHandler                           build/stm32f4xx_it.o
DMA2_Stream1_IRQHandler                           build/startup_stm32f427xx.o
DMA2_Stream2_IRQHandler                           build/startup_stm32f427xx.o
DMA2_Stream3_IRQHandler                           build/startup_stm32f427xx.o
DMA2_Stream4_IRQHandler                           build/startup_stm32f427xx.o
DMA2_Stream5_IRQHandler                           build/startup_stm32f427xx.o
DMA2_Stream6_IRQHandler                           build/startup_stm32f427xx.o
DMA2_Stream7_IRQHandler                           build/startup_stm32f427xx.o
DebugMon_Handler                                  build/stm32f4xx_it.o
Default_Handler                                   build/startup_stm32f427xx.o
ETH_IRQHandler                                    build/startup_stm32f427xx.o
ETH_WKUP_IRQHandler                               build/startup_stm32f427xx.o
EXTI0_IRQHandler                                  build/startup_stm32f427xx.o
EXTI15_10_IRQHandler                              build/startup_stm32f427xx.o
EXTI1_IRQHandler                                  build/startup_stm32f427xx.o
EXTI2_IRQHandler                                  build/startup_stm32f427xx.o
EXTI3_IRQHandler                                  build/startup_stm32f427xx.o
EXTI4_IRQHandler                                  build/startup_stm32f427xx.o
EXTI9_5_IRQHandler                                build/startup_stm32f427xx.o
Error_Handler                                     build/main.o
                                                  build/stm32f4xx_hal_msp.o
FLASH_Erase_Sector                                build/stm32f4xx_hal_flash_ex.o
                                                  build/stm32f4xx_hal_flash.o
FLASH_FlushCaches                                 build/stm32f4xx_hal_flash_ex.o
                                                  build/stm32f4xx_hal_flash.o
FLASH_IRQHandler                                  build/startup_stm32f427xx.o
FLASH_WaitForLastOperation                        build/stm32f4xx_hal_flash.o
                                                  build/stm32f4xx_hal_flash_ex.o
FMC_IRQHandler                                    build/startup_stm32f427xx.o
FPU_IRQHandler                                    build/startup_stm32f427xx.o
HAL_DBGMCU_DisableDBGSleepMode                    build/stm32f4xx_hal.o
HAL_DBGMCU_DisableDBGStandbyMode                  build/stm32f4xx_hal.o
HAL_DBGMCU_DisableDBGStopMode                     build/stm32f4xx_hal.o
HAL_DBGMCU_EnableDBGSleepMode                     build/stm32f4xx_hal.o
HAL_DBGMCU_EnableDBGStandbyMode                   build/stm32f4xx_hal.o
HAL_DBGMCU_EnableDBGStopMode                      build/stm32f4xx_hal.o
HAL_DMAEx_ChangeMemory                            build/stm32f4xx_hal_dma_ex.o
HAL_DMAEx_MultiBufferStart                        build/stm32f4xx_hal_dma_ex.o
HAL_DMAEx_MultiBufferStart_IT                     build/stm32f4xx_hal_dma_ex.o
HAL_DMA_Abort                                     build/stm32f4xx_hal_dma.o
                                                  build/stm32f4xx_hal_uart.o
                                                  build/stm32f4xx_hal_spi.o
HAL_DMA_Abort_IT                                  build/stm32f4xx_hal_dma.o
                                                  build/stm32f4xx_hal_uart.o
                                                  build/stm32f4xx_hal_spi.o
HAL_DMA_DeInit                                    build/stm32f4xx_hal_dma.o
                                                  build/stm32f4xx_hal_msp.o
HAL_DMA_GetError                                  build/stm32f4xx_hal_dma.o
                                                  build/stm32f4xx_hal_uart.o
HAL_DMA_GetState                                  build/stm32f4xx_hal_dma.o
HAL_DMA_IRQHandler                                build/stm32f4xx_hal_dma.o
                                                  build/stm32f4xx_it.o
HAL_DMA_Init                                      build/stm32f4xx_hal_dma.o
                                                  build/stm32f4xx_hal_msp.o
HAL_DMA_PollForTransfer                           build/stm32f4xx_hal_dma.o
HAL_DMA_RegisterCallback                          build/stm32f4xx_hal_dma.o
HAL_DMA_Start                                     build/stm32f4xx_hal_dma.o
HAL_DMA_Start_IT                                  build/stm32f4xx_hal_dma.o
                                                  build/stm32f4xx_hal_uart.o
                                                  build/stm32f4xx_hal_spi.o
HAL_DMA_UnRegisterCallback                        build/stm32f4xx_hal_dma.o
HAL_DeInit                                        build/stm32f4xx_hal.o
HAL_Delay                                         build/stm32f4xx_hal.o
                                                  build/stm32f4xx_ll_usb.o
                                                  build/main.o
HAL_DisableCompensationCell                       build/stm32f4xx_hal.o
HAL_DisableMemorySwappingBank                     build/stm32f4xx_hal.o
HAL_EXTI_ClearConfigLine                          build/stm32f4xx_hal_exti.o
HAL_EXTI_ClearPending                             build/stm32f4xx_hal_exti.o
HAL_EXTI_GenerateSWI                              build/stm32f4xx_hal_exti.o
HAL_EXTI_GetConfigLine                            build/stm32f4xx_hal_exti.o
HAL_EXTI_GetHandle                                build/stm32f4xx_hal_exti.o
HAL_EXTI_GetPending                               build/stm32f4xx_hal_exti.o
HAL_EXTI_IRQHandler                               build/stm32f4xx_hal_exti.o
HAL_EXTI_RegisterCallback                         build/stm32f4xx_hal_exti.o
HAL_EXTI_SetConfigLine                            build/stm32f4xx_hal_exti.o
HAL_EnableCompensationCell                        build/stm32f4xx_hal.o
HAL_EnableMemorySwappingBank                      build/stm32f4xx_hal.o
HAL_FLASHEx_AdvOBGetConfig                        build/stm32f4xx_hal_flash_ex.o
HAL_FLASHEx_AdvOBProgram                          build/stm32f4xx_hal_flash_ex.o
HAL_FLASHEx_Erase                                 build/stm32f4xx_hal_flash_ex.o
HAL_FLASHEx_Erase_IT                              build/stm32f4xx_hal_flash_ex.o
HAL_FLASHEx_OBGetConfig                           build/stm32f4xx_hal_flash_ex.o
HAL_FLASHEx_OBProgram                             build/stm32f4xx_hal_flash_ex.o
HAL_FLASHEx_OB_DeSelectPCROP                      build/stm32f4xx_hal_flash_ex.o
HAL_FLASHEx_OB_GetBank2WRP                        build/stm32f4xx_hal_flash_ex.o
HAL_FLASHEx_OB_SelectPCROP                        build/stm32f4xx_hal_flash_ex.o
HAL_FLASH_EndOfOperationCallback                  build/stm32f4xx_hal_flash.o
HAL_FLASH_GetError                                build/stm32f4xx_hal_flash.o
HAL_FLASH_IRQHandler                              build/stm32f4xx_hal_flash.o
HAL_FLASH_Lock                                    build/stm32f4xx_hal_flash.o
HAL_FLASH_OB_Launch                               build/stm32f4xx_hal_flash.o
HAL_FLASH_OB_Lock                                 build/stm32f4xx_hal_flash.o
HAL_FLASH_OB_Unlock                               build/stm32f4xx_hal_flash.o
HAL_FLASH_OperationErrorCallback                  build/stm32f4xx_hal_flash.o
HAL_FLASH_Program                                 build/stm32f4xx_hal_flash.o
HAL_FLASH_Program_IT                              build/stm32f4xx_hal_flash.o
HAL_FLASH_Unlock                                  build/stm32f4xx_hal_flash.o
HAL_GPIO_DeInit                                   build/stm32f4xx_hal_gpio.o
                                                  build/stm32f4xx_hal_msp.o
HAL_GPIO_EXTI_Callback                            build/stm32f4xx_hal_gpio.o
HAL_GPIO_EXTI_IRQHandler                          build/stm32f4xx_hal_gpio.o
HAL_GPIO_Init                                     build/stm32f4xx_hal_gpio.o
                                                  build/stm32f4xx_hal_rcc.o
                                                  build/stm32f4xx_hal_msp.o
                                                  build/main.o
HAL_GPIO_LockPin                                  build/stm32f4xx_hal_gpio.o
HAL_GPIO_ReadPin                                  build/stm32f4xx_hal_gpio.o
HAL_GPIO_TogglePin                                build/stm32f4xx_hal_gpio.o
HAL_GPIO_WritePin                                 build/stm32f4xx_hal_gpio.o
                                                  build/main.o
HAL_GetDEVID                                      build/stm32f4xx_hal.o
HAL_GetHalVersion                                 build/stm32f4xx_hal.o
HAL_GetREVID                                      build/stm32f4xx_hal.o
HAL_GetTick                                       build/stm32f4xx_hal.o
                                                  build/stm32f4xx_hal_pwr_ex.o
                                                  build/stm32f4xx_hal_dma.o
                                                  build/stm32f4xx_hal_flash.o
                                                  build/stm32f4xx_hal_rcc_ex.o
                                                  build/stm32f4xx_hal_rcc.o
                                                  build/stm32f4xx_hal_uart.o
                                                  build/stm32f4xx_hal_spi.o
HAL_GetTickFreq                                   build/stm32f4xx_hal.o
HAL_GetTickPrio                                   build/stm32f4xx_hal.o
HAL_GetUIDw0                                      build/stm32f4xx_hal.o
HAL_GetUIDw1                                      build/stm32f4xx_hal.o
HAL_GetUIDw2                                      build/stm32f4xx_hal.o
HAL_HalfDuplex_EnableReceiver                     build/stm32f4xx_hal_uart.o
HAL_HalfDuplex_EnableTransmitter                  build/stm32f4xx_hal_uart.o
HAL_HalfDuplex_Init                               build/stm32f4xx_hal_uart.o
HAL_IncTick                                       build/stm32f4xx_hal.o
                                                  build/stm32f4xx_it.o
HAL_Init                                          build/stm32f4xx_hal.o
                                                  build/main.o
HAL_InitTick                                      build/stm32f4xx_hal.o
                                                  build/stm32f4xx_hal_rcc_ex.o
                                                  build/stm32f4xx_hal_rcc.o
HAL_LIN_Init                                      build/stm32f4xx_hal_uart.o
HAL_LIN_SendBreak                                 build/stm32f4xx_hal_uart.o
HAL_MPU_ConfigRegion                              build/stm32f4xx_hal_cortex.o
HAL_MPU_Disable                                   build/stm32f4xx_hal_cortex.o
HAL_MPU_Enable                                    build/stm32f4xx_hal_cortex.o
HAL_MspDeInit                                     build/stm32f4xx_hal.o
HAL_MspInit                                       build/stm32f4xx_hal_msp.o
HAL_MultiProcessor_EnterMuteMode                  build/stm32f4xx_hal_uart.o
HAL_MultiProcessor_ExitMuteMode                   build/stm32f4xx_hal_uart.o
HAL_MultiProcessor_Init                           build/stm32f4xx_hal_uart.o
HAL_NVIC_ClearPendingIRQ                          build/stm32f4xx_hal_cortex.o
HAL_NVIC_DisableIRQ                               build/stm32f4xx_hal_cortex.o
HAL_NVIC_EnableIRQ                                build/stm32f4xx_hal_cortex.o
                                                  build/main.o
HAL_NVIC_GetActive                                build/stm32f4xx_hal_cortex.o
HAL_NVIC_GetPendingIRQ                            build/stm32f4xx_hal_cortex.o
HAL_NVIC_GetPriority                              build/stm32f4xx_hal_cortex.o
HAL_NVIC_GetPriorityGrouping                      build/stm32f4xx_hal_cortex.o
HAL_NVIC_SetPendingIRQ                            build/stm32f4xx_hal_cortex.o
HAL_NVIC_SetPriority                              build/stm32f4xx_hal_cortex.o
                                                  build/stm32f4xx_hal.o
                                                  build/main.o
HAL_NVIC_SetPriorityGrouping                      build/stm32f4xx_hal_cortex.o
                                                  build/stm32f4xx_hal.o
HAL_NVIC_SystemReset                              build/stm32f4xx_hal_cortex.o
HAL_PCDEx_BCD_Callback                            build/stm32f4xx_hal_pcd_ex.o
HAL_PCDEx_LPM_Callback                            build/stm32f4xx_hal_pcd_ex.o
                                                  build/stm32f4xx_hal_pcd.o
HAL_PCDEx_SetRxFiFo                               build/stm32f4xx_hal_pcd_ex.o
HAL_PCDEx_SetTxFiFo                               build/stm32f4xx_hal_pcd_ex.o
HAL_PCD_ActivateRemoteWakeup                      build/stm32f4xx_hal_pcd.o
HAL_PCD_ConnectCallback                           build/stm32f4xx_hal_pcd.o
HAL_PCD_DataInStageCallback                       build/stm32f4xx_hal_pcd.o
HAL_PCD_DataOutStageCallback                      build/stm32f4xx_hal_pcd.o
HAL_PCD_DeActivateRemoteWakeup                    build/stm32f4xx_hal_pcd.o
HAL_PCD_DeInit                                    build/stm32f4xx_hal_pcd.o
HAL_PCD_DevConnect                                build/stm32f4xx_hal_pcd.o
HAL_PCD_DevDisconnect                             build/stm32f4xx_hal_pcd.o
HAL_PCD_DisconnectCallback                        build/stm32f4xx_hal_pcd.o
HAL_PCD_EP_Close                                  build/stm32f4xx_hal_pcd.o
HAL_PCD_EP_ClrStall                               build/stm32f4xx_hal_pcd.o
HAL_PCD_EP_Flush                                  build/stm32f4xx_hal_pcd.o
HAL_PCD_EP_GetRxCount                             build/stm32f4xx_hal_pcd.o
HAL_PCD_EP_Open                                   build/stm32f4xx_hal_pcd.o
HAL_PCD_EP_Receive                                build/stm32f4xx_hal_pcd.o
HAL_PCD_EP_SetStall                               build/stm32f4xx_hal_pcd.o
HAL_PCD_EP_Transmit                               build/stm32f4xx_hal_pcd.o
HAL_PCD_GetState                                  build/stm32f4xx_hal_pcd.o
HAL_PCD_IRQHandler                                build/stm32f4xx_hal_pcd.o
HAL_PCD_ISOINIncompleteCallback                   build/stm32f4xx_hal_pcd.o
HAL_PCD_ISOOUTIncompleteCallback                  build/stm32f4xx_hal_pcd.o
HAL_PCD_Init                                      build/stm32f4xx_hal_pcd.o
                                                  build/main.o
HAL_PCD_MspDeInit                                 build/stm32f4xx_hal_msp.o
HAL_PCD_MspInit                                   build/stm32f4xx_hal_msp.o
HAL_PCD_ResetCallback                             build/stm32f4xx_hal_pcd.o
HAL_PCD_ResumeCallback                            build/stm32f4xx_hal_pcd.o
HAL_PCD_SOFCallback                               build/stm32f4xx_hal_pcd.o
HAL_PCD_SetAddress                                build/stm32f4xx_hal_pcd.o
HAL_PCD_SetupStageCallback                        build/stm32f4xx_hal_pcd.o
HAL_PCD_Start                                     build/stm32f4xx_hal_pcd.o
HAL_PCD_Stop                                      build/stm32f4xx_hal_pcd.o
HAL_PCD_SuspendCallback                           build/stm32f4xx_hal_pcd.o
HAL_PWREx_ControlVoltageScaling                   build/stm32f4xx_hal_pwr_ex.o
HAL_PWREx_DisableBkUpReg                          build/stm32f4xx_hal_pwr_ex.o
HAL_PWREx_DisableFlashPowerDown                   build/stm32f4xx_hal_pwr_ex.o
HAL_PWREx_DisableOverDrive                        build/stm32f4xx_hal_pwr_ex.o
HAL_PWREx_EnableBkUpReg                           build/stm32f4xx_hal_pwr_ex.o
HAL_PWREx_EnableFlashPowerDown                    build/stm32f4xx_hal_pwr_ex.o
HAL_PWREx_EnableOverDrive                         build/stm32f4xx_hal_pwr_ex.o
HAL_PWREx_EnterUnderDriveSTOPMode                 build/stm32f4xx_hal_pwr_ex.o
HAL_PWREx_GetVoltageRange                         build/stm32f4xx_hal_pwr_ex.o
HAL_PWR_ConfigPVD                                 build/stm32f4xx_hal_pwr.o
HAL_PWR_DeInit                                    build/stm32f4xx_hal_pwr.o
HAL_PWR_DisableBkUpAccess                         build/stm32f4xx_hal_pwr.o
HAL_PWR_DisablePVD                                build/stm32f4xx_hal_pwr.o
HAL_PWR_DisableSEVOnPend                          build/stm32f4xx_hal_pwr.o
HAL_PWR_DisableSleepOnExit                        build/stm32f4xx_hal_pwr.o
HAL_PWR_DisableWakeUpPin                          build/stm32f4xx_hal_pwr.o
HAL_PWR_EnableBkUpAccess                          build/stm32f4xx_hal_pwr.o
HAL_PWR_EnablePVD                                 build/stm32f4xx_hal_pwr.o
HAL_PWR_EnableSEVOnPend                           build/stm32f4xx_hal_pwr.o
HAL_PWR_EnableSleepOnExit                         build/stm32f4xx_hal_pwr.o
HAL_PWR_EnableWakeUpPin                           build/stm32f4xx_hal_pwr.o
HAL_PWR_EnterSLEEPMode                            build/stm32f4xx_hal_pwr.o
HAL_PWR_EnterSTANDBYMode                          build/stm32f4xx_hal_pwr.o
HAL_PWR_EnterSTOPMode                             build/stm32f4xx_hal_pwr.o
HAL_PWR_PVDCallback                               build/stm32f4xx_hal_pwr.o
HAL_PWR_PVD_IRQHandler                            build/stm32f4xx_hal_pwr.o
HAL_RCCEx_DisablePLLI2S                           build/stm32f4xx_hal_rcc_ex.o
HAL_RCCEx_DisablePLLSAI                           build/stm32f4xx_hal_rcc_ex.o
HAL_RCCEx_EnablePLLI2S                            build/stm32f4xx_hal_rcc_ex.o
HAL_RCCEx_EnablePLLSAI                            build/stm32f4xx_hal_rcc_ex.o
HAL_RCCEx_GetPeriphCLKConfig                      build/stm32f4xx_hal_rcc_ex.o
HAL_RCCEx_GetPeriphCLKFreq                        build/stm32f4xx_hal_rcc_ex.o
HAL_RCCEx_PeriphCLKConfig                         build/stm32f4xx_hal_rcc_ex.o
HAL_RCC_CSSCallback                               build/stm32f4xx_hal_rcc.o
HAL_RCC_ClockConfig                               build/stm32f4xx_hal_rcc.o
                                                  build/main.o
HAL_RCC_DeInit                                    build/stm32f4xx_hal_rcc_ex.o
                                                  build/stm32f4xx_hal_rcc.o
HAL_RCC_DisableCSS                                build/stm32f4xx_hal_rcc.o
HAL_RCC_EnableCSS                                 build/stm32f4xx_hal_rcc.o
HAL_RCC_GetClockConfig                            build/stm32f4xx_hal_rcc.o
HAL_RCC_GetHCLKFreq                               build/stm32f4xx_hal_rcc.o
                                                  build/stm32f4xx_hal_pcd.o
HAL_RCC_GetOscConfig                              build/stm32f4xx_hal_rcc.o
HAL_RCC_GetPCLK1Freq                              build/stm32f4xx_hal_rcc.o
                                                  build/stm32f4xx_hal_uart.o
HAL_RCC_GetPCLK2Freq                              build/stm32f4xx_hal_rcc.o
                                                  build/stm32f4xx_hal_uart.o
HAL_RCC_GetSysClockFreq                           build/stm32f4xx_hal_rcc.o
HAL_RCC_MCOConfig                                 build/stm32f4xx_hal_rcc.o
HAL_RCC_NMI_IRQHandler                            build/stm32f4xx_hal_rcc.o
HAL_RCC_OscConfig                                 build/stm32f4xx_hal_rcc.o
                                                  build/main.o
HAL_ResumeTick                                    build/stm32f4xx_hal.o
HAL_SPI_Abort                                     build/stm32f4xx_hal_spi.o
HAL_SPI_AbortCpltCallback                         build/stm32f4xx_hal_spi.o
HAL_SPI_Abort_IT                                  build/stm32f4xx_hal_spi.o
HAL_SPI_DMAPause                                  build/stm32f4xx_hal_spi.o
HAL_SPI_DMAResume                                 build/stm32f4xx_hal_spi.o
HAL_SPI_DMAStop                                   build/stm32f4xx_hal_spi.o
HAL_SPI_DeInit                                    build/stm32f4xx_hal_spi.o
HAL_SPI_ErrorCallback                             build/stm32f4xx_hal_spi.o
HAL_SPI_GetError                                  build/stm32f4xx_hal_spi.o
HAL_SPI_GetState                                  build/stm32f4xx_hal_spi.o
HAL_SPI_IRQHandler                                build/stm32f4xx_hal_spi.o
HAL_SPI_Init                                      build/stm32f4xx_hal_spi.o
                                                  build/main.o
HAL_SPI_MspDeInit                                 build/stm32f4xx_hal_msp.o
HAL_SPI_MspInit                                   build/stm32f4xx_hal_msp.o
HAL_SPI_Receive                                   build/stm32f4xx_hal_spi.o
                                                  build/main.o
HAL_SPI_Receive_DMA                               build/stm32f4xx_hal_spi.o
HAL_SPI_Receive_IT                                build/stm32f4xx_hal_spi.o
HAL_SPI_RxCpltCallback                            build/stm32f4xx_hal_spi.o
HAL_SPI_RxHalfCpltCallback                        build/stm32f4xx_hal_spi.o
HAL_SPI_Transmit                                  build/stm32f4xx_hal_spi.o
                                                  build/main.o
HAL_SPI_TransmitReceive                           build/stm32f4xx_hal_spi.o
HAL_SPI_TransmitReceive_DMA                       build/stm32f4xx_hal_spi.o
HAL_SPI_TransmitReceive_IT                        build/stm32f4xx_hal_spi.o
HAL_SPI_Transmit_DMA                              build/stm32f4xx_hal_spi.o
HAL_SPI_Transmit_IT                               build/stm32f4xx_hal_spi.o
HAL_SPI_TxCpltCallback                            build/stm32f4xx_hal_spi.o
HAL_SPI_TxHalfCpltCallback                        build/stm32f4xx_hal_spi.o
HAL_SPI_TxRxCpltCallback                          build/stm32f4xx_hal_spi.o
HAL_SPI_TxRxHalfCpltCallback                      build/stm32f4xx_hal_spi.o
HAL_SYSTICK_CLKSourceConfig                       build/stm32f4xx_hal_cortex.o
HAL_SYSTICK_Callback                              build/stm32f4xx_hal_cortex.o
HAL_SYSTICK_Config                                build/stm32f4xx_hal_cortex.o
                                                  build/stm32f4xx_hal.o
HAL_SYSTICK_IRQHandler                            build/stm32f4xx_hal_cortex.o
HAL_SetTickFreq                                   build/stm32f4xx_hal.o
HAL_SuspendTick                                   build/stm32f4xx_hal.o
HAL_UART_Abort                                    build/stm32f4xx_hal_uart.o
HAL_UART_AbortCpltCallback                        build/stm32f4xx_hal_uart.o
HAL_UART_AbortReceive                             build/stm32f4xx_hal_uart.o
HAL_UART_AbortReceiveCpltCallback                 build/stm32f4xx_hal_uart.o
HAL_UART_AbortReceive_IT                          build/stm32f4xx_hal_uart.o
HAL_UART_AbortTransmit                            build/stm32f4xx_hal_uart.o
HAL_UART_AbortTransmitCpltCallback                build/stm32f4xx_hal_uart.o
HAL_UART_AbortTransmit_IT                         build/stm32f4xx_hal_uart.o
HAL_UART_Abort_IT                                 build/stm32f4xx_hal_uart.o
HAL_UART_DMAPause                                 build/stm32f4xx_hal_uart.o
HAL_UART_DMAResume                                build/stm32f4xx_hal_uart.o
HAL_UART_DMAStop                                  build/stm32f4xx_hal_uart.o
HAL_UART_DeInit                                   build/stm32f4xx_hal_uart.o
HAL_UART_ErrorCallback                            build/stm32f4xx_hal_uart.o
HAL_UART_GetError                                 build/stm32f4xx_hal_uart.o
HAL_UART_GetState                                 build/stm32f4xx_hal_uart.o
HAL_UART_IRQHandler                               build/stm32f4xx_hal_uart.o
HAL_UART_Init                                     build/stm32f4xx_hal_uart.o
                                                  build/main.o
HAL_UART_MspDeInit                                build/stm32f4xx_hal_msp.o
HAL_UART_MspInit                                  build/stm32f4xx_hal_msp.o
HAL_UART_Receive                                  build/stm32f4xx_hal_uart.o
HAL_UART_Receive_DMA                              build/stm32f4xx_hal_uart.o
HAL_UART_Receive_IT                               build/stm32f4xx_hal_uart.o
HAL_UART_RxCpltCallback                           build/stm32f4xx_hal_uart.o
HAL_UART_RxHalfCpltCallback                       build/stm32f4xx_hal_uart.o
HAL_UART_Transmit                                 build/stm32f4xx_hal_uart.o
                                                  build/main.o
HAL_UART_Transmit_DMA                             build/stm32f4xx_hal_uart.o
HAL_UART_Transmit_IT                              build/stm32f4xx_hal_uart.o
HAL_UART_TxCpltCallback                           build/stm32f4xx_hal_uart.o
HAL_UART_TxHalfCpltCallback                       build/stm32f4xx_hal_uart.o
HASH_RNG_IRQHandler                               build/startup_stm32f427xx.o
HardFault_Handler                                 build/stm32f4xx_it.o
I2C1_ER_IRQHandler                                build/startup_stm32f427xx.o
I2C1_EV_IRQHandler                                build/startup_stm32f427xx.o
I2C2_ER_IRQHandler                                build/startup_stm32f427xx.o
I2C2_EV_IRQHandler                                build/startup_stm32f427xx.o
I2C3_ER_IRQHandler                                build/startup_stm32f427xx.o
I2C3_EV_IRQHandler                                build/startup_stm32f427xx.o
MemManage_Handler                                 build/stm32f4xx_it.o
NMI_Handler                                       build/stm32f4xx_it.o
OTG_FS_IRQHandler                                 build/startup_stm32f427xx.o
OTG_FS_WKUP_IRQHandler                            build/startup_stm32f427xx.o
OTG_HS_EP1_IN_IRQHandler                          build/startup_stm32f427xx.o
OTG_HS_EP1_OUT_IRQHandler                         build/startup_stm32f427xx.o
OTG_HS_IRQHandler                                 build/startup_stm32f427xx.o
OTG_HS_WKUP_IRQHandler                            build/startup_stm32f427xx.o
PVD_IRQHandler                                    build/startup_stm32f427xx.o
PendSV_Handler                                    build/stm32f4xx_it.o
RCC_IRQHandler                                    build/startup_stm32f427xx.o
RTC_Alarm_IRQHandler                              build/startup_stm32f427xx.o
RTC_WKUP_IRQHandler                               build/startup_stm32f427xx.o
Reset_Handler                                     build/startup_stm32f427xx.o
SAI1_IRQHandler                                   build/startup_stm32f427xx.o
SDIO_IRQHandler                                   build/startup_stm32f427xx.o
SPI1_IRQHandler                                   build/startup_stm32f427xx.o
SPI2_IRQHandler                                   build/startup_stm32f427xx.o
SPI3_IRQHandler                                   build/startup_stm32f427xx.o
SPI4_IRQHandler                                   build/startup_stm32f427xx.o
SPI5_IRQHandler                                   build/startup_stm32f427xx.o
SPI6_IRQHandler                                   build/startup_stm32f427xx.o
SVC_Handler                                       build/stm32f4xx_it.o
SysTick_Handler                                   build/stm32f4xx_it.o
SystemClock_Config                                build/main.o
SystemCoreClock                                   build/system_stm32f4xx.o
                                                  build/stm32f4xx_hal.o
                                                  build/stm32f4xx_hal_dma.o
                                                  build/stm32f4xx_hal_rcc_ex.o
                                                  build/stm32f4xx_hal_rcc.o
                                                  build/stm32f4xx_hal_spi.o
SystemCoreClockUpdate                             build/system_stm32f4xx.o
SystemInit                                        build/system_stm32f4xx.o
                                                  build/startup_stm32f427xx.o
TAMP_STAMP_IRQHandler                             build/startup_stm32f427xx.o
TIM1_BRK_TIM9_IRQHandler                          build/startup_stm32f427xx.o
TIM1_CC_IRQHandler                                build/startup_stm32f427xx.o
TIM1_TRG_COM_TIM11_IRQHandler                     build/startup_stm32f427xx.o
TIM1_UP_TIM10_IRQHandler                          build/startup_stm32f427xx.o
TIM2_IRQHandler                                   build/startup_stm32f427xx.o
TIM3_IRQHandler                                   build/startup_stm32f427xx.o
TIM4_IRQHandler                                   build/startup_stm32f427xx.o
TIM5_IRQHandler                                   build/startup_stm32f427xx.o
TIM6_DAC_IRQHandler                               build/startup_stm32f427xx.o
TIM7_IRQHandler                                   build/startup_stm32f427xx.o
TIM8_BRK_TIM12_IRQHandler                         build/startup_stm32f427xx.o
TIM8_CC_IRQHandler                                build/startup_stm32f427xx.o
TIM8_TRG_COM_TIM14_IRQHandler                     build/startup_stm32f427xx.o
TIM8_UP_TIM13_IRQHandler                          build/startup_stm32f427xx.o
UART4_IRQHandler                                  build/startup_stm32f427xx.o
UART5_IRQHandler                                  build/startup_stm32f427xx.o
UART7_IRQHandler                                  build/startup_stm32f427xx.o
UART8_IRQHandler                                  build/startup_stm32f427xx.o
USART1_IRQHandler                                 build/startup_stm32f427xx.o
USART2_IRQHandler                                 build/startup_stm32f427xx.o
USART3_IRQHandler                                 build/startup_stm32f427xx.o
USART6_IRQHandler                                 build/startup_stm32f427xx.o
USB_ActivateDedicatedEndpoint                     build/stm32f4xx_ll_usb.o
USB_ActivateEndpoint                              build/stm32f4xx_ll_usb.o
                                                  build/stm32f4xx_hal_pcd.o
USB_ActivateRemoteWakeup                          build/stm32f4xx_ll_usb.o
                                                  build/stm32f4xx_hal_pcd.o
USB_ActivateSetup                                 build/stm32f4xx_ll_usb.o
                                                  build/stm32f4xx_hal_pcd.o
USB_ClearInterrupts                               build/stm32f4xx_ll_usb.o
USB_CoreInit                                      build/stm32f4xx_ll_usb.o
                                                  build/stm32f4xx_hal_pcd.o
USB_DeActivateRemoteWakeup                        build/stm32f4xx_ll_usb.o
                                                  build/stm32f4xx_hal_pcd.o
USB_DeactivateDedicatedEndpoint                   build/stm32f4xx_ll_usb.o
USB_DeactivateEndpoint                            build/stm32f4xx_ll_usb.o
                                                  build/stm32f4xx_hal_pcd.o
USB_DevConnect                                    build/stm32f4xx_ll_usb.o
                                                  build/stm32f4xx_hal_pcd.o
USB_DevDisconnect                                 build/stm32f4xx_ll_usb.o
                                                  build/stm32f4xx_hal_pcd.o
USB_DevInit                                       build/stm32f4xx_ll_usb.o
                                                  build/stm32f4xx_hal_pcd.o
USB_DisableGlobalInt                              build/stm32f4xx_ll_usb.o
                                                  build/stm32f4xx_hal_pcd.o
USB_DoPing                                        build/stm32f4xx_ll_usb.o
USB_DriveVbus                                     build/stm32f4xx_ll_usb.o
USB_EP0StartXfer                                  build/stm32f4xx_ll_usb.o
                                                  build/stm32f4xx_hal_pcd.o
USB_EP0_OutStart                                  build/stm32f4xx_ll_usb.o
                                                  build/stm32f4xx_hal_pcd.o
USB_EPClearStall                                  build/stm32f4xx_ll_usb.o
                                                  build/stm32f4xx_hal_pcd.o
USB_EPSetStall                                    build/stm32f4xx_ll_usb.o
                                                  build/stm32f4xx_hal_pcd.o
USB_EPStartXfer                                   build/stm32f4xx_ll_usb.o
                                                  build/stm32f4xx_hal_pcd.o
USB_EnableGlobalInt                               build/stm32f4xx_ll_usb.o
                                                  build/stm32f4xx_hal_pcd.o
USB_FlushRxFifo                                   build/stm32f4xx_ll_usb.o
                                                  build/stm32f4xx_hal_pcd.o
USB_FlushTxFifo                                   build/stm32f4xx_ll_usb.o
                                                  build/stm32f4xx_hal_pcd.o
USB_GetCurrentFrame                               build/stm32f4xx_ll_usb.o
USB_GetDevSpeed                                   build/stm32f4xx_ll_usb.o
                                                  build/stm32f4xx_hal_pcd.o
USB_GetHostSpeed                                  build/stm32f4xx_ll_usb.o
USB_GetMode                                       build/stm32f4xx_ll_usb.o
                                                  build/stm32f4xx_hal_pcd.o
USB_HC_Halt                                       build/stm32f4xx_ll_usb.o
USB_HC_Init                                       build/stm32f4xx_ll_usb.o
USB_HC_ReadInterrupt                              build/stm32f4xx_ll_usb.o
USB_HC_StartXfer                                  build/stm32f4xx_ll_usb.o
USB_HostInit                                      build/stm32f4xx_ll_usb.o
USB_InitFSLSPClkSel                               build/stm32f4xx_ll_usb.o
USB_ReadDevAllInEpInterrupt                       build/stm32f4xx_ll_usb.o
                                                  build/stm32f4xx_hal_pcd.o
USB_ReadDevAllOutEpInterrupt                      build/stm32f4xx_ll_usb.o
                                                  build/stm32f4xx_hal_pcd.o
USB_ReadDevInEPInterrupt                          build/stm32f4xx_ll_usb.o
                                                  build/stm32f4xx_hal_pcd.o
USB_ReadDevOutEPInterrupt                         build/stm32f4xx_ll_usb.o
                                                  build/stm32f4xx_hal_pcd.o
USB_ReadInterrupts                                build/stm32f4xx_ll_usb.o
                                                  build/stm32f4xx_hal_pcd.o
USB_ReadPacket                                    build/stm32f4xx_ll_usb.o
                                                  build/stm32f4xx_hal_pcd.o
USB_ResetPort                                     build/stm32f4xx_ll_usb.o
USB_SetCurrentMode                                build/stm32f4xx_ll_usb.o
                                                  build/stm32f4xx_hal_pcd.o
USB_SetDevAddress                                 build/stm32f4xx_ll_usb.o
                                                  build/stm32f4xx_hal_pcd.o
USB_SetDevSpeed                                   build/stm32f4xx_ll_usb.o
USB_SetTurnaroundTime                             build/stm32f4xx_ll_usb.o
                                                  build/stm32f4xx_hal_pcd.o
USB_StopDevice                                    build/stm32f4xx_ll_usb.o
                                                  build/stm32f4xx_hal_pcd.o
USB_StopHost                                      build/stm32f4xx_ll_usb.o
USB_WritePacket                                   build/stm32f4xx_ll_usb.o
                                                  build/stm32f4xx_hal_pcd.o
UsageFault_Handler                                build/stm32f4xx_it.o
WWDG_IRQHandler                                   build/startup_stm32f427xx.o
__aeabi_idiv0                                     c:/gnutoolsarmembedded/7-2017-q4-major/bin/../lib/gcc/arm-none-eabi/7.2.1/thumb/v7e-m/fpv4-sp/hard\libgcc.a(_dvmd_tls.o)
__aeabi_ldiv0                                     c:/gnutoolsarmembedded/7-2017-q4-major/bin/../lib/gcc/arm-none-eabi/7.2.1/thumb/v7e-m/fpv4-sp/hard\libgcc.a(_dvmd_tls.o)
                                                  c:/gnutoolsarmembedded/7-2017-q4-major/bin/../lib/gcc/arm-none-eabi/7.2.1/thumb/v7e-m/fpv4-sp/hard\libgcc.a(_aeabi_uldivmod.o)
__aeabi_uldivmod                                  c:/gnutoolsarmembedded/7-2017-q4-major/bin/../lib/gcc/arm-none-eabi/7.2.1/thumb/v7e-m/fpv4-sp/hard\libgcc.a(_aeabi_uldivmod.o)
                                                  build/stm32f4xx_hal_rcc.o
                                                  build/stm32f4xx_hal_uart.o
__bss_end__                                       c:/gnutoolsarmembedded/7-2017-q4-major/bin/../lib/gcc/arm-none-eabi/7.2.1/../../../../arm-none-eabi/lib/thumb/v7e-m/fpv4-sp/hard/crt0.o
__bss_start__                                     c:/gnutoolsarmembedded/7-2017-q4-major/bin/../lib/gcc/arm-none-eabi/7.2.1/../../../../arm-none-eabi/lib/thumb/v7e-m/fpv4-sp/hard/crt0.o
__call_exitprocs                                  c:/gnutoolsarmembedded/7-2017-q4-major/bin/../lib/gcc/arm-none-eabi/7.2.1/../../../../arm-none-eabi/lib/thumb/v7e-m/fpv4-sp/hard\libc_nano.a(lib_a-exit.o)
__deregister_frame_info                           c:/gnutoolsarmembedded/7-2017-q4-major/bin/../lib/gcc/arm-none-eabi/7.2.1/thumb/v7e-m/fpv4-sp/hard/crtbegin.o
__dso_handle                                      c:/gnutoolsarmembedded/7-2017-q4-major/bin/../lib/gcc/arm-none-eabi/7.2.1/thumb/v7e-m/fpv4-sp/hard/crtbegin.o
__init_array_end                                  c:/gnutoolsarmembedded/7-2017-q4-major/bin/../lib/gcc/arm-none-eabi/7.2.1/../../../../arm-none-eabi/lib/thumb/v7e-m/fpv4-sp/hard\libc_nano.a(lib_a-init.o)
__init_array_start                                c:/gnutoolsarmembedded/7-2017-q4-major/bin/../lib/gcc/arm-none-eabi/7.2.1/../../../../arm-none-eabi/lib/thumb/v7e-m/fpv4-sp/hard\libc_nano.a(lib_a-init.o)
__libc_fini_array                                 c:/gnutoolsarmembedded/7-2017-q4-major/bin/../lib/gcc/arm-none-eabi/7.2.1/../../../../arm-none-eabi/lib/thumb/v7e-m/fpv4-sp/hard/crt0.o
__libc_init_array                                 c:/gnutoolsarmembedded/7-2017-q4-major/bin/../lib/gcc/arm-none-eabi/7.2.1/../../../../arm-none-eabi/lib/thumb/v7e-m/fpv4-sp/hard\libc_nano.a(lib_a-init.o)
                                                  build/startup_stm32f427xx.o
                                                  c:/gnutoolsarmembedded/7-2017-q4-major/bin/../lib/gcc/arm-none-eabi/7.2.1/../../../../arm-none-eabi/lib/thumb/v7e-m/fpv4-sp/hard/crt0.o
__preinit_array_end                               c:/gnutoolsarmembedded/7-2017-q4-major/bin/../lib/gcc/arm-none-eabi/7.2.1/../../../../arm-none-eabi/lib/thumb/v7e-m/fpv4-sp/hard\libc_nano.a(lib_a-init.o)
__preinit_array_start                             c:/gnutoolsarmembedded/7-2017-q4-major/bin/../lib/gcc/arm-none-eabi/7.2.1/../../../../arm-none-eabi/lib/thumb/v7e-m/fpv4-sp/hard\libc_nano.a(lib_a-init.o)
__register_frame_info                             c:/gnutoolsarmembedded/7-2017-q4-major/bin/../lib/gcc/arm-none-eabi/7.2.1/thumb/v7e-m/fpv4-sp/hard/crtbegin.o
__sf_fake_stderr                                  c:/gnutoolsarmembedded/7-2017-q4-major/bin/../lib/gcc/arm-none-eabi/7.2.1/../../../../arm-none-eabi/lib/thumb/v7e-m/fpv4-sp/hard\libc_nano.a(lib_a-impure.o)
__sf_fake_stdin                                   c:/gnutoolsarmembedded/7-2017-q4-major/bin/../lib/gcc/arm-none-eabi/7.2.1/../../../../arm-none-eabi/lib/thumb/v7e-m/fpv4-sp/hard\libc_nano.a(lib_a-impure.o)
__sf_fake_stdout                                  c:/gnutoolsarmembedded/7-2017-q4-major/bin/../lib/gcc/arm-none-eabi/7.2.1/../../../../arm-none-eabi/lib/thumb/v7e-m/fpv4-sp/hard\libc_nano.a(lib_a-impure.o)
__stack                                           c:/gnutoolsarmembedded/7-2017-q4-major/bin/../lib/gcc/arm-none-eabi/7.2.1/../../../../arm-none-eabi/lib/thumb/v7e-m/fpv4-sp/hard/crt0.o
__udivmoddi4                                      c:/gnutoolsarmembedded/7-2017-q4-major/bin/../lib/gcc/arm-none-eabi/7.2.1/thumb/v7e-m/fpv4-sp/hard\libgcc.a(_udivmoddi4.o)
                                                  c:/gnutoolsarmembedded/7-2017-q4-major/bin/../lib/gcc/arm-none-eabi/7.2.1/thumb/v7e-m/fpv4-sp/hard\libgcc.a(_aeabi_uldivmod.o)
_ebss                                             build/startup_stm32f427xx.o
_edata                                            build/startup_stm32f427xx.o
_estack                                           build/startup_stm32f427xx.o
_exit                                             c:/gnutoolsarmembedded/7-2017-q4-major/bin/../lib/gcc/arm-none-eabi/7.2.1/../../../../arm-none-eabi/lib/thumb/v7e-m/fpv4-sp/hard\libnosys.a(_exit.o)
                                                  c:/gnutoolsarmembedded/7-2017-q4-major/bin/../lib/gcc/arm-none-eabi/7.2.1/../../../../arm-none-eabi/lib/thumb/v7e-m/fpv4-sp/hard\libc_nano.a(lib_a-exit.o)
_fini                                             c:/gnutoolsarmembedded/7-2017-q4-major/bin/../lib/gcc/arm-none-eabi/7.2.1/thumb/v7e-m/fpv4-sp/hard/crti.o
_global_impure_ptr                                c:/gnutoolsarmembedded/7-2017-q4-major/bin/../lib/gcc/arm-none-eabi/7.2.1/../../../../arm-none-eabi/lib/thumb/v7e-m/fpv4-sp/hard\libc_nano.a(lib_a-impure.o)
                                                  c:/gnutoolsarmembedded/7-2017-q4-major/bin/../lib/gcc/arm-none-eabi/7.2.1/../../../../arm-none-eabi/lib/thumb/v7e-m/fpv4-sp/hard\libc_nano.a(lib_a-exit.o)
_impure_ptr                                       c:/gnutoolsarmembedded/7-2017-q4-major/bin/../lib/gcc/arm-none-eabi/7.2.1/../../../../arm-none-eabi/lib/thumb/v7e-m/fpv4-sp/hard\libc_nano.a(lib_a-impure.o)
_init                                             c:/gnutoolsarmembedded/7-2017-q4-major/bin/../lib/gcc/arm-none-eabi/7.2.1/thumb/v7e-m/fpv4-sp/hard/crti.o
                                                  c:/gnutoolsarmembedded/7-2017-q4-major/bin/../lib/gcc/arm-none-eabi/7.2.1/../../../../arm-none-eabi/lib/thumb/v7e-m/fpv4-sp/hard\libc_nano.a(lib_a-init.o)
_mainCRTStartup                                   c:/gnutoolsarmembedded/7-2017-q4-major/bin/../lib/gcc/arm-none-eabi/7.2.1/../../../../arm-none-eabi/lib/thumb/v7e-m/fpv4-sp/hard/crt0.o
_sbss                                             build/startup_stm32f427xx.o
_sdata                                            build/startup_stm32f427xx.o
_sidata                                           build/startup_stm32f427xx.o
_start                                            c:/gnutoolsarmembedded/7-2017-q4-major/bin/../lib/gcc/arm-none-eabi/7.2.1/../../../../arm-none-eabi/lib/thumb/v7e-m/fpv4-sp/hard/crt0.o
atexit                                            c:/gnutoolsarmembedded/7-2017-q4-major/bin/../lib/gcc/arm-none-eabi/7.2.1/../../../../arm-none-eabi/lib/thumb/v7e-m/fpv4-sp/hard/crt0.o
exit                                              c:/gnutoolsarmembedded/7-2017-q4-major/bin/../lib/gcc/arm-none-eabi/7.2.1/../../../../arm-none-eabi/lib/thumb/v7e-m/fpv4-sp/hard\libc_nano.a(lib_a-exit.o)
                                                  c:/gnutoolsarmembedded/7-2017-q4-major/bin/../lib/gcc/arm-none-eabi/7.2.1/../../../../arm-none-eabi/lib/thumb/v7e-m/fpv4-sp/hard/crt0.o
g_pfnVectors                                      build/startup_stm32f427xx.o
hardware_init_hook                                c:/gnutoolsarmembedded/7-2017-q4-major/bin/../lib/gcc/arm-none-eabi/7.2.1/../../../../arm-none-eabi/lib/thumb/v7e-m/fpv4-sp/hard/crt0.o
hdma_spi1_rx                                      build/main.o
                                                  build/stm32f4xx_hal_msp.o
                                                  build/stm32f4xx_it.o
hpcd_USB_OTG_FS                                   build/main.o
hspi1                                             build/main.o
huart7                                            build/main.o
main                                              build/main.o
                                                  build/startup_stm32f427xx.o
                                                  c:/gnutoolsarmembedded/7-2017-q4-major/bin/../lib/gcc/arm-none-eabi/7.2.1/../../../../arm-none-eabi/lib/thumb/v7e-m/fpv4-sp/hard/crt0.o
memset                                            c:/gnutoolsarmembedded/7-2017-q4-major/bin/../lib/gcc/arm-none-eabi/7.2.1/../../../../arm-none-eabi/lib/thumb/v7e-m/fpv4-sp/hard\libc_nano.a(lib_a-memset.o)
                                                  build/main.o
                                                  c:/gnutoolsarmembedded/7-2017-q4-major/bin/../lib/gcc/arm-none-eabi/7.2.1/../../../../arm-none-eabi/lib/thumb/v7e-m/fpv4-sp/hard/crt0.o
pFlash                                            build/stm32f4xx_hal_flash.o
                                                  build/stm32f4xx_hal_flash_ex.o
software_init_hook                                c:/gnutoolsarmembedded/7-2017-q4-major/bin/../lib/gcc/arm-none-eabi/7.2.1/../../../../arm-none-eabi/lib/thumb/v7e-m/fpv4-sp/hard/crt0.o
uwTick                                            build/stm32f4xx_hal.o
uwTickFreq                                        build/stm32f4xx_hal.o
uwTickPrio                                        build/stm32f4xx_hal.o
                                                  build/stm32f4xx_hal_rcc_ex.o
                                                  build/stm32f4xx_hal_rcc.o
